<html>
<body>
<pre>
<h1>µVision Build Log</h1>
<h2>Project:</h2>
D:\Schoolwork\EE 445L\Labs\Lab 1\ST7735.uvproj
Project File Date:  08/31/2016

<h2>Output:</h2>
Rebuild target 'ST7735'
assembling startup.s...
compiling PLL.c...
compiling ST7735.c...
compiling fixed.c...
fixed.c(13): warning:  #2748-D: null argument provided for parameter marked with attribute "nonnull"
                fputc(32, 0);
fixed.c(14): warning:  #2748-D: null argument provided for parameter marked with attribute "nonnull"
                fputc(42, 0);   
fixed.c(15): warning:  #2748-D: null argument provided for parameter marked with attribute "nonnull"
                fputc(46, 0);
fixed.c(16): warning:  #2748-D: null argument provided for parameter marked with attribute "nonnull"
                fputc(42, 0);   
fixed.c(17): warning:  #2748-D: null argument provided for parameter marked with attribute "nonnull"
                fputc(42, 0);
fixed.c(18): warning:  #2748-D: null argument provided for parameter marked with attribute "nonnull"
                fputc(42, 0);
fixed.c(23): warning:  #2748-D: null argument provided for parameter marked with attribute "nonnull"
                fputc(45, 0);
fixed.c(26): warning:  #2748-D: null argument provided for parameter marked with attribute "nonnull"
                fputc(32, 0);
fixed.c(33): warning:  #2748-D: null argument provided for parameter marked with attribute "nonnull"
        fputc((n/x + ASCII), 0);                                                        //Print first digit of fixed point number
fixed.c(34): warning:  #2748-D: null argument provided for parameter marked with attribute "nonnull"
        fputc(46, 0);
fixed.c(37): warning:  #2748-D: null argument provided for parameter marked with attribute "nonnull"
                fputc(z/x + ASCII, 0);
fixed.c(44): warning:  #2748-D: null argument provided for parameter marked with attribute "nonnull"
        fputc(42, 0);
fixed.c(45): warning:  #2748-D: null argument provided for parameter marked with attribute "nonnull"
        fputc(42, 0);
fixed.c(46): warning:  #2748-D: null argument provided for parameter marked with attribute "nonnull"
        fputc(42, 0);
fixed.c(47): warning:  #2748-D: null argument provided for parameter marked with attribute "nonnull"
        fputc(46, 0);
fixed.c(48): warning:  #2748-D: null argument provided for parameter marked with attribute "nonnull"
        fputc(42, 0);
fixed.c(49): warning:  #2748-D: null argument provided for parameter marked with attribute "nonnull"
        fputc(42, 0);
fixed.c(58): warning:  #2748-D: null argument provided for parameter marked with attribute "nonnull"
        fputc(n/x + ASCII, 0);                                                          //Print first digit
fixed.c(61): warning:  #2748-D: null argument provided for parameter marked with attribute "nonnull"
                fputc(z/x + ASCII, 0);
fixed.c(64): warning:  #2748-D: null argument provided for parameter marked with attribute "nonnull"
        fputc(46, 0);                                                                                                   //Print .
fixed.c(67): warning:  #2748-D: null argument provided for parameter marked with attribute "nonnull"
                fputc(z/x + ASCII, 0);
fixed.c: 21 warnings, 0 errors
compiling Lab1.c...
linking...
Program Size: Code=3860 RO-data=4324 RW-data=64 ZI-data=1024  
".\ST7735.axf" - 0 Error(s), 21 Warning(s).
